******************************************************************************
                  TI ARM Linker PC v20.2.7                     
******************************************************************************
>> Linked Sat Sep  9 19:39:25 2023

OUTPUT FILE NAME:   <UART_Project.out>
ENTRY POINT SYMBOL: "_c_int00_noinit_noargs"  address: 00000751


MEMORY CONFIGURATION

         name            origin    length      used     unused   attr    fill
----------------------  --------  ---------  --------  --------  ----  --------
  FLASH                 00000000   00040000  00000916  0003f6ea  R  X
  SRAM                  20000000   00008000  00000200  00007e00  RW X


SEGMENT ALLOCATION MAP

run origin  load origin   length   init length attrs members
----------  ----------- ---------- ----------- ----- -------
00000000    00000000    00000918   00000918    r-x
  00000000    00000000    0000026c   0000026c    r-- .intvecs
  0000026c    0000026c    000005ae   000005ae    r-x .text
  0000081c    0000081c    000000fc   000000fc    r-- .const
20000000    20000000    00000200   00000000    rw-
  20000000    20000000    00000200   00000000    rw- .stack


SECTION ALLOCATION MAP

 output                                  attributes/
section   page    origin      length       input sections
--------  ----  ----------  ----------   ----------------
.intvecs   0    00000000    0000026c     
                  00000000    0000026c     tm4c123gh6pm_startup_ccs.obj (.intvecs)

.text      0    0000026c    000005ae     
                  0000026c    0000016c     driverlib.lib : gpio.obj (.text:GPIOPadConfigSet)
                  000003d8    00000134     main.obj (.text)
                  0000050c    00000118     driverlib.lib : sysctl.obj (.text:SysCtlClockGet)
                  00000624    0000004c                   : gpio.obj (.text:GPIOPinConfigure)
                  00000670    00000046                   : uart.obj (.text:UARTConfigSetExpClk)
                  000006b6    00000002     --HOLE-- [fill = 0]
                  000006b8    00000038                   : sysctl.obj (.text:SysCtlPeripheralReady)
                  000006f0    00000034                   : sysctl.obj (.text:SysCtlPeripheralEnable)
                  00000724    0000002c                   : gpio.obj (.text:GPIODirModeSet)
                  00000750    0000002c     rtsv7M4_T_le_v4SPD16_eabi.lib : boot_cortex_m.c.obj (.text:_c_int00_noinit_noargs:_c_int00_noinit_noargs)
                  0000077c    00000020     driverlib.lib : uart.obj (.text:UARTDisable)
                  0000079c    0000001a                   : gpio.obj (.text:GPIOPinTypeGPIOOutput)
                  000007b6    00000016                   : gpio.obj (.text:GPIOPinTypeUART)
                  000007cc    00000014                   : uart.obj (.text:UARTEnable)
                  000007e0    0000000c     tm4c123gh6pm_startup_ccs.obj (.text)
                  000007ec    0000000a     driverlib.lib : uart.obj (.text:UARTCharGet)
                  000007f6    0000000a                   : uart.obj (.text:UARTCharPut)
                  00000800    00000006                   : gpio.obj (.text:GPIOPinWrite)
                  00000806    00000006                   : sysctl.obj (.text:SysCtlDelay)
                  0000080c    00000006                   : uart.obj (.text:UARTClockSourceSet)
                  00000812    00000004     rtsv7M4_T_le_v4SPD16_eabi.lib : pre_init.c.obj (.text:_system_pre_init)
                  00000816    00000004                                   : exit.c.obj (.text:abort:abort)

.const     0    0000081c    000000fc     
                  0000081c    00000090     driverlib.lib : gpio.obj (.const:g_pui32GPIOBaseAddrs)
                  000008ac    0000006c                   : sysctl.obj (.const:g_pui32Xtals)

.cinit     0    00000000    00000000     UNINITIALIZED

.init_array 
*          0    00000000    00000000     UNINITIALIZED

.stack     0    20000000    00000200     UNINITIALIZED
                  20000000    00000004     rtsv7M4_T_le_v4SPD16_eabi.lib : boot_cortex_m.c.obj (.stack)
                  20000004    000001fc     --HOLE--

__llvm_prf_cnts 
*          0    20000000    00000000     UNINITIALIZED

MODULE SUMMARY

       Module                         code   ro data   rw data
       ------                         ----   -------   -------
    .\
       tm4c123gh6pm_startup_ccs.obj   12     620       0      
       main.obj                       308    0         0      
    +--+------------------------------+------+---------+---------+
       Total:                         320    620       0      
                                                              
    C:/ti/TivaWare_C_Series-2.2.0.295/driverlib/ccs/Debug/driverlib.lib
       gpio.obj                       538    144       0      
       sysctl.obj                     394    108       0      
       uart.obj                       148    0         0      
    +--+------------------------------+------+---------+---------+
       Total:                         1080   252       0      
                                                              
    C:\ti\ccs1240\ccs\tools\compiler\ti-cgt-arm_20.2.7.LTS\lib\rtsv7M4_T_le_v4SPD16_eabi.lib
       boot_cortex_m.c.obj            44     0         0      
       exit.c.obj                     4      0         0      
       pre_init.c.obj                 4      0         0      
    +--+------------------------------+------+---------+---------+
       Total:                         52     0         0      
                                                              
       Stack:                         0      0         512    
    +--+------------------------------+------+---------+---------+
       Grand Total:                   1452   872       512    


GLOBAL SYMBOLS: SORTED ALPHABETICALLY BY Name 

address   name                   
-------   ----                   
00000817  C$$EXIT                
00000725  GPIODirModeSet         
0000026d  GPIOPadConfigSet       
00000625  GPIOPinConfigure       
0000079d  GPIOPinTypeGPIOOutput  
000007b7  GPIOPinTypeUART        
00000801  GPIOPinWrite           
000007e1  ResetISR               
0000046b  Send                   
0000050d  SysCtlClockGet         
00000807  SysCtlDelay            
000006f1  SysCtlPeripheralEnable 
000006b9  SysCtlPeripheralReady  
000007ed  UARTCharGet            
000007f7  UARTCharPut            
0000080d  UARTClockSourceSet     
00000671  UARTConfigSetExpClk    
0000077d  UARTDisable            
000007cd  UARTEnable             
000003d9  Uart_init              
20000200  __STACK_END            
00000200  __STACK_SIZE           
20000200  __STACK_TOP            
ffffffff  __TI_pprof_out_hndl    
ffffffff  __TI_prof_data_size    
ffffffff  __TI_prof_data_start   
00000000  __TI_static_base__     
ffffffff  __binit__              
ffffffff  __c_args__             
UNDEFED   __mpu_init             
20000000  __stack                
20000000  __start___llvm_prf_cnts
20000000  __stop___llvm_prf_cnts 
00000751  _c_int00_noinit_noargs 
00000813  _system_pre_init       
00000817  abort                  
ffffffff  binit                  
00000000  g_pfnVectors           
0000044b  main                   


GLOBAL SYMBOLS: SORTED BY Symbol Address 

address   name                   
-------   ----                   
00000000  __TI_static_base__     
00000000  g_pfnVectors           
00000200  __STACK_SIZE           
0000026d  GPIOPadConfigSet       
000003d9  Uart_init              
0000044b  main                   
0000046b  Send                   
0000050d  SysCtlClockGet         
00000625  GPIOPinConfigure       
00000671  UARTConfigSetExpClk    
000006b9  SysCtlPeripheralReady  
000006f1  SysCtlPeripheralEnable 
00000725  GPIODirModeSet         
00000751  _c_int00_noinit_noargs 
0000077d  UARTDisable            
0000079d  GPIOPinTypeGPIOOutput  
000007b7  GPIOPinTypeUART        
000007cd  UARTEnable             
000007e1  ResetISR               
000007ed  UARTCharGet            
000007f7  UARTCharPut            
00000801  GPIOPinWrite           
00000807  SysCtlDelay            
0000080d  UARTClockSourceSet     
00000813  _system_pre_init       
00000817  C$$EXIT                
00000817  abort                  
20000000  __stack                
20000000  __start___llvm_prf_cnts
20000000  __stop___llvm_prf_cnts 
20000200  __STACK_END            
20000200  __STACK_TOP            
ffffffff  __TI_pprof_out_hndl    
ffffffff  __TI_prof_data_size    
ffffffff  __TI_prof_data_start   
ffffffff  __binit__              
ffffffff  __c_args__             
ffffffff  binit                  
UNDEFED   __mpu_init             

[39 symbols]
